Archive member included to satisfy reference by file (symbol)

c:/ac6/systemworkbench/plugins/fr.ac6.mcu.externaltools.arm-none.win32_1.15.0.201708311556/tools/compiler/bin/../lib/gcc/arm-none-eabi/6.3.1/../../../../arm-none-eabi/lib/thumb/v7-m\libc.a(lib_a-errno.o)
                              src/syscalls.o (__errno)
c:/ac6/systemworkbench/plugins/fr.ac6.mcu.externaltools.arm-none.win32_1.15.0.201708311556/tools/compiler/bin/../lib/gcc/arm-none-eabi/6.3.1/../../../../arm-none-eabi/lib/thumb/v7-m\libc.a(lib_a-exit.o)
                              c:/ac6/systemworkbench/plugins/fr.ac6.mcu.externaltools.arm-none.win32_1.15.0.201708311556/tools/compiler/bin/../lib/gcc/arm-none-eabi/6.3.1/../../../../arm-none-eabi/lib/thumb/v7-m/crt0.o (exit)
c:/ac6/systemworkbench/plugins/fr.ac6.mcu.externaltools.arm-none.win32_1.15.0.201708311556/tools/compiler/bin/../lib/gcc/arm-none-eabi/6.3.1/../../../../arm-none-eabi/lib/thumb/v7-m\libc.a(lib_a-impure.o)
                              c:/ac6/systemworkbench/plugins/fr.ac6.mcu.externaltools.arm-none.win32_1.15.0.201708311556/tools/compiler/bin/../lib/gcc/arm-none-eabi/6.3.1/../../../../arm-none-eabi/lib/thumb/v7-m\libc.a(lib_a-exit.o) (_global_impure_ptr)
c:/ac6/systemworkbench/plugins/fr.ac6.mcu.externaltools.arm-none.win32_1.15.0.201708311556/tools/compiler/bin/../lib/gcc/arm-none-eabi/6.3.1/../../../../arm-none-eabi/lib/thumb/v7-m\libc.a(lib_a-init.o)
                              c:/ac6/systemworkbench/plugins/fr.ac6.mcu.externaltools.arm-none.win32_1.15.0.201708311556/tools/compiler/bin/../lib/gcc/arm-none-eabi/6.3.1/../../../../arm-none-eabi/lib/thumb/v7-m/crt0.o (__libc_init_array)
c:/ac6/systemworkbench/plugins/fr.ac6.mcu.externaltools.arm-none.win32_1.15.0.201708311556/tools/compiler/bin/../lib/gcc/arm-none-eabi/6.3.1/../../../../arm-none-eabi/lib/thumb/v7-m\libc.a(lib_a-memset.o)
                              c:/ac6/systemworkbench/plugins/fr.ac6.mcu.externaltools.arm-none.win32_1.15.0.201708311556/tools/compiler/bin/../lib/gcc/arm-none-eabi/6.3.1/../../../../arm-none-eabi/lib/thumb/v7-m/crt0.o (memset)
c:/ac6/systemworkbench/plugins/fr.ac6.mcu.externaltools.arm-none.win32_1.15.0.201708311556/tools/compiler/bin/../lib/gcc/arm-none-eabi/6.3.1/../../../../arm-none-eabi/lib/thumb/v7-m\libc.a(lib_a-sprintf.o)
                              src/logger.o (sprintf)
c:/ac6/systemworkbench/plugins/fr.ac6.mcu.externaltools.arm-none.win32_1.15.0.201708311556/tools/compiler/bin/../lib/gcc/arm-none-eabi/6.3.1/../../../../arm-none-eabi/lib/thumb/v7-m\libc.a(lib_a-svfprintf.o)
                              c:/ac6/systemworkbench/plugins/fr.ac6.mcu.externaltools.arm-none.win32_1.15.0.201708311556/tools/compiler/bin/../lib/gcc/arm-none-eabi/6.3.1/../../../../arm-none-eabi/lib/thumb/v7-m\libc.a(lib_a-sprintf.o) (_svfprintf_r)
c:/ac6/systemworkbench/plugins/fr.ac6.mcu.externaltools.arm-none.win32_1.15.0.201708311556/tools/compiler/bin/../lib/gcc/arm-none-eabi/6.3.1/../../../../arm-none-eabi/lib/thumb/v7-m\libc.a(lib_a-__call_atexit.o)
                              c:/ac6/systemworkbench/plugins/fr.ac6.mcu.externaltools.arm-none.win32_1.15.0.201708311556/tools/compiler/bin/../lib/gcc/arm-none-eabi/6.3.1/../../../../arm-none-eabi/lib/thumb/v7-m\libc.a(lib_a-exit.o) (__call_exitprocs)
c:/ac6/systemworkbench/plugins/fr.ac6.mcu.externaltools.arm-none.win32_1.15.0.201708311556/tools/compiler/bin/../lib/gcc/arm-none-eabi/6.3.1/../../../../arm-none-eabi/lib/thumb/v7-m\libc.a(lib_a-atexit.o)
                              c:/ac6/systemworkbench/plugins/fr.ac6.mcu.externaltools.arm-none.win32_1.15.0.201708311556/tools/compiler/bin/../lib/gcc/arm-none-eabi/6.3.1/../../../../arm-none-eabi/lib/thumb/v7-m\libc.a(lib_a-__call_atexit.o) (atexit)
c:/ac6/systemworkbench/plugins/fr.ac6.mcu.externaltools.arm-none.win32_1.15.0.201708311556/tools/compiler/bin/../lib/gcc/arm-none-eabi/6.3.1/../../../../arm-none-eabi/lib/thumb/v7-m\libc.a(lib_a-dtoa.o)
                              c:/ac6/systemworkbench/plugins/fr.ac6.mcu.externaltools.arm-none.win32_1.15.0.201708311556/tools/compiler/bin/../lib/gcc/arm-none-eabi/6.3.1/../../../../arm-none-eabi/lib/thumb/v7-m\libc.a(lib_a-svfprintf.o) (_dtoa_r)
c:/ac6/systemworkbench/plugins/fr.ac6.mcu.externaltools.arm-none.win32_1.15.0.201708311556/tools/compiler/bin/../lib/gcc/arm-none-eabi/6.3.1/../../../../arm-none-eabi/lib/thumb/v7-m\libc.a(lib_a-fini.o)
                              c:/ac6/systemworkbench/plugins/fr.ac6.mcu.externaltools.arm-none.win32_1.15.0.201708311556/tools/compiler/bin/../lib/gcc/arm-none-eabi/6.3.1/../../../../arm-none-eabi/lib/thumb/v7-m\libc.a(lib_a-__call_atexit.o) (__libc_fini_array)
c:/ac6/systemworkbench/plugins/fr.ac6.mcu.externaltools.arm-none.win32_1.15.0.201708311556/tools/compiler/bin/../lib/gcc/arm-none-eabi/6.3.1/../../../../arm-none-eabi/lib/thumb/v7-m\libc.a(lib_a-localeconv.o)
[...]
Memory Configuration

Name             Origin             Length             Attributes
FLASH            0x08000000         0x00020000         xr
RAM              0x20000000         0x00005000         xrw
*default*        0x00000000         0xffffffff

Linker script and memory map

LOAD c:/ac6/systemworkbench/plugins/fr.ac6.mcu.externaltools.arm-none.win32_1.15.0.201708311556/tools/compiler/bin/../lib/gcc/arm-none-eabi/6.3.1/thumb/v7-m/crti.o
LOAD c:/ac6/systemworkbench/plugins/fr.ac6.mcu.externaltools.arm-none.win32_1.15.0.201708311556/tools/compiler/bin/../lib/gcc/arm-none-eabi/6.3.1/thumb/v7-m/crtbegin.o
LOAD c:/ac6/systemworkbench/plugins/fr.ac6.mcu.externaltools.arm-none.win32_1.15.0.201708311556/tools/compiler/bin/../lib/gcc/arm-none-eabi/6.3.1/../../../../arm-none-eabi/lib/thumb/v7-m/crt0.o
LOAD HAL_Driver/Src/stm32f1xx_hal.o
LOAD HAL_Driver/Src/stm32f1xx_hal_adc.o
LOAD HAL_Driver/Src/stm32f1xx_hal_adc_ex.o
LOAD HAL_Driver/Src/stm32f1xx_hal_can.o
LOAD HAL_Driver/Src/stm32f1xx_hal_cec.o
LOAD HAL_Driver/Src/stm32f1xx_hal_cortex.o
LOAD HAL_Driver/Src/stm32f1xx_hal_crc.o
LOAD HAL_Driver/Src/stm32f1xx_hal_dac.o
LOAD HAL_Driver/Src/stm32f1xx_hal_dac_ex.o
LOAD HAL_Driver/Src/stm32f1xx_hal_dma.o
LOAD HAL_Driver/Src/stm32f1xx_hal_eth.o
LOAD HAL_Driver/Src/stm32f1xx_hal_flash.o
LOAD HAL_Driver/Src/stm32f1xx_hal_flash_ex.o
LOAD HAL_Driver/Src/stm32f1xx_hal_gpio.o
LOAD HAL_Driver/Src/stm32f1xx_hal_gpio_ex.o
LOAD HAL_Driver/Src/stm32f1xx_hal_hcd.o
LOAD HAL_Driver/Src/stm32f1xx_hal_i2c.o
LOAD HAL_Driver/Src/stm32f1xx_hal_i2s.o
LOAD HAL_Driver/Src/stm32f1xx_hal_irda.o
LOAD HAL_Driver/Src/stm32f1xx_hal_iwdg.o
LOAD HAL_Driver/Src/stm32f1xx_hal_mmc.o
LOAD HAL_Driver/Src/stm32f1xx_hal_msp_template.o
LOAD HAL_Driver/Src/stm32f1xx_hal_nand.o
LOAD HAL_Driver/Src/stm32f1xx_hal_nor.o
LOAD HAL_Driver/Src/stm32f1xx_hal_pccard.o
LOAD HAL_Driver/Src/stm32f1xx_hal_pcd.o
LOAD HAL_Driver/Src/stm32f1xx_hal_pcd_ex.o
LOAD HAL_Driver/Src/stm32f1xx_hal_pwr.o
LOAD HAL_Driver/Src/stm32f1xx_hal_rcc.o
LOAD HAL_Driver/Src/stm32f1xx_hal_rcc_ex.o
LOAD HAL_Driver/Src/stm32f1xx_hal_rtc.o
LOAD HAL_Driver/Src/stm32f1xx_hal_rtc_ex.o
LOAD HAL_Driver/Src/stm32f1xx_hal_sd.o
LOAD HAL_Driver/Src/stm32f1xx_hal_smartcard.o
LOAD HAL_Driver/Src/stm32f1xx_hal_spi.o
LOAD HAL_Driver/Src/stm32f1xx_hal_spi_ex.o
LOAD HAL_Driver/Src/stm32f1xx_hal_sram.o
LOAD HAL_Driver/Src/stm32f1xx_hal_tim.o
LOAD HAL_Driver/Src/stm32f1xx_hal_tim_ex.o
LOAD HAL_Driver/Src/stm32f1xx_hal_uart.o
LOAD HAL_Driver/Src/stm32f1xx_hal_usart.o
LOAD HAL_Driver/Src/stm32f1xx_hal_wwdg.o
LOAD HAL_Driver/Src/stm32f1xx_ll_adc.o
LOAD HAL_Driver/Src/stm32f1xx_ll_crc.o
LOAD HAL_Driver/Src/stm32f1xx_ll_dac.o
LOAD HAL_Driver/Src/stm32f1xx_ll_dma.o
LOAD HAL_Driver/Src/stm32f1xx_ll_exti.o
LOAD HAL_Driver/Src/stm32f1xx_ll_fsmc.o
LOAD HAL_Driver/Src/stm32f1xx_ll_gpio.o
LOAD HAL_Driver/Src/stm32f1xx_ll_i2c.o
LOAD HAL_Driver/Src/stm32f1xx_ll_pwr.o
LOAD HAL_Driver/Src/stm32f1xx_ll_rcc.o
LOAD HAL_Driver/Src/stm32f1xx_ll_rtc.o
LOAD HAL_Driver/Src/stm32f1xx_ll_sdmmc.o
LOAD HAL_Driver/Src/stm32f1xx_ll_spi.o
LOAD HAL_Driver/Src/stm32f1xx_ll_tim.o
LOAD HAL_Driver/Src/stm32f1xx_ll_usart.o
LOAD HAL_Driver/Src/stm32f1xx_ll_usb.o
LOAD HAL_Driver/Src/stm32f1xx_ll_utils.o
LOAD Utilities/STM32F1xx_Nucleo/stm32f1xx_nucleo.o
LOAD src/adc.o
LOAD src/dma.o
LOAD src/init.o
LOAD src/logger.o
LOAD src/main.o
LOAD src/spi.o
LOAD src/startup_stm32f103xb.o
LOAD src/stm32f1xx_it.o
LOAD src/syscalls.o
LOAD src/system_stm32f1xx.o
LOAD src/tim.o
LOAD src/uart.o
LOAD c:/ac6/systemworkbench/plugins/fr.ac6.mcu.externaltools.arm-none.win32_1.15.0.201708311556/tools/compiler/bin/../lib/gcc/arm-none-eabi/6.3.1/../../../../arm-none-eabi/lib/thumb/v7-m\libm.a
START GROUP
LOAD c:/ac6/systemworkbench/plugins/fr.ac6.mcu.externaltools.arm-none.win32_1.15.0.201708311556/tools/compiler/bin/../lib/gcc/arm-none-eabi/6.3.1/thumb/v7-m\libgcc.a
LOAD c:/ac6/systemworkbench/plugins/fr.ac6.mcu.externaltools.arm-none.win32_1.15.0.201708311556/tools/compiler/bin/../lib/gcc/arm-none-eabi/6.3.1/../../../../arm-none-eabi/lib/thumb/v7-m\libc.a
END GROUP
LOAD c:/ac6/systemworkbench/plugins/fr.ac6.mcu.externaltools.arm-none.win32_1.15.0.201708311556/tools/compiler/bin/../lib/gcc/arm-none-eabi/6.3.1/thumb/v7-m/crtend.o
LOAD c:/ac6/systemworkbench/plugins/fr.ac6.mcu.externaltools.arm-none.win32_1.15.0.201708311556/tools/compiler/bin/../lib/gcc/arm-none-eabi/6.3.1/thumb/v7-m/crtn.o
                0x20005000                _estack = 0x20005000
                0x00000200                _Min_Heap_Size = 0x200
                0x00000400                _Min_Stack_Size = 0x400

.isr_vector     0x08000000      0x10c
                0x08000000                . = ALIGN (0x4)
 *(.isr_vector)
 .isr_vector    0x08000000      0x10c src/startup_stm32f103xb.o
                0x08000000                g_pfnVectors
                0x0800010c                . = ALIGN (0x4)

.text           0x0800010c     0x3c24
                0x0800010c                . = ALIGN (0x4)
 *(.text)
 .text          0x0800010c       0x6c c:/ac6/systemworkbench/plugins/fr.ac6.mcu.externaltools.arm-none.win32_1.15.0.201708311556/tools/compiler/bin/../lib/gcc/arm-none-eabi/6.3.1/thumb/v7-m/crtbegin.o
 *(.text*)
 .text.HAL_Init
                0x08000178       0x2c HAL_Driver/Src/stm32f1xx_hal.o
                0x08000178                HAL_Init
 .text.HAL_InitTick
                0x080001a4       0x38 HAL_Driver/Src/stm32f1xx_hal.o
                0x080001a4                HAL_InitTick
 .text.HAL_IncTick
                0x080001dc       0x1c HAL_Driver/Src/stm32f1xx_hal.o
                0x080001dc                HAL_IncTick
 .text.HAL_GetTick
                0x080001f8       0x14 HAL_Driver/Src/stm32f1xx_hal.o
                0x080001f8                HAL_GetTick
 .text.HAL_Delay
                0x0800020c       0x3a HAL_Driver/Src/stm32f1xx_hal.o
                0x0800020c                HAL_Delay
 *fill*         0x08000246        0x2 
 .text.HAL_ADC_Init
                0x08000248      0x1b0 HAL_Driver/Src/stm32f1xx_hal_adc.o
                0x08000248                HAL_ADC_Init
 .text.HAL_ADC_MspInit
                0x080003f8       0x12 HAL_Driver/Src/stm32f1xx_hal_adc.o
                0x080003f8                HAL_ADC_MspInit
 *fill*         0x0800040a        0x2 
 .text.HAL_ADC_Start_DMA
                0x0800040c      0x1bc HAL_Driver/Src/stm32f1xx_hal_adc.o
                0x0800040c                HAL_ADC_Start_DMA
 .text.HAL_ADC_ConvCpltCallback
                0x080005c8       0x12 HAL_Driver/Src/stm32f1xx_hal_adc.o
                0x080005c8                HAL_ADC_ConvCpltCallback
 .text.HAL_ADC_ConvHalfCpltCallback
                0x080005da       0x12 HAL_Driver/Src/stm32f1xx_hal_adc.o
                0x080005da                HAL_ADC_ConvHalfCpltCallback
 .text.HAL_ADC_ErrorCallback
                0x080005ec       0x12 HAL_Driver/Src/stm32f1xx_hal_adc.o
                0x080005ec                HAL_ADC_ErrorCallback
 *fill*         0x080005fe        0x2 
 .text.HAL_ADC_ConfigChannel
                0x08000600      0x1f0 HAL_Driver/Src/stm32f1xx_hal_adc.o
                0x08000600                HAL_ADC_ConfigChannel
 .text.ADC_Enable
                0x080007f0       0xa4 HAL_Driver/Src/stm32f1xx_hal_adc.o
                0x080007f0                ADC_Enable
 .text.ADC_ConversionStop_Disable
                0x08000894       0x74 HAL_Driver/Src/stm32f1xx_hal_adc.o
                0x08000894                ADC_ConversionStop_Disable
 .text.ADC_DMAConvCplt
                0x08000908       0x7c HAL_Driver/Src/stm32f1xx_hal_adc.o
                0x08000908                ADC_DMAConvCplt
 .text.ADC_DMAHalfConvCplt
                0x08000984       0x1c HAL_Driver/Src/stm32f1xx_hal_adc.o
                0x08000984                ADC_DMAHalfConvCplt
 .text.ADC_DMAError
                0x080009a0       0x34 HAL_Driver/Src/stm32f1xx_hal_adc.o
                0x080009a0                ADC_DMAError
 .text.HAL_ADCEx_Calibration_Start
                0x080009d4      0x138 HAL_Driver/Src/stm32f1xx_hal_adc_ex.o
                0x080009d4                HAL_ADCEx_Calibration_Start
 .text.NVIC_SetPriorityGrouping
                0x08000b0c       0x48 HAL_Driver/Src/stm32f1xx_hal_cortex.o
 .text.NVIC_GetPriorityGrouping
                0x08000b54       0x1c HAL_Driver/Src/stm32f1xx_hal_cortex.o
 .text.NVIC_EnableIRQ
                0x08000b70       0x30 HAL_Driver/Src/stm32f1xx_hal_cortex.o
 .text.NVIC_SetPriority
                0x08000ba0       0x54 HAL_Driver/Src/stm32f1xx_hal_cortex.o
 .text.NVIC_EncodePriority
                0x08000bf4       0x60 HAL_Driver/Src/stm32f1xx_hal_cortex.o
 .text.SysTick_Config
                0x08000c54       0x44 HAL_Driver/Src/stm32f1xx_hal_cortex.o
 .text.HAL_NVIC_SetPriorityGrouping
                0x08000c98       0x16 HAL_Driver/Src/stm32f1xx_hal_cortex.o
                0x08000c98                HAL_NVIC_SetPriorityGrouping
 .text.HAL_NVIC_SetPriority
                0x08000cae       0x38 HAL_Driver/Src/stm32f1xx_hal_cortex.o
                0x08000cae                HAL_NVIC_SetPriority
 .text.HAL_NVIC_EnableIRQ
                0x08000ce6       0x1c HAL_Driver/Src/stm32f1xx_hal_cortex.o
                0x08000ce6                HAL_NVIC_EnableIRQ
 .text.HAL_SYSTICK_Config
                0x08000d02       0x18 HAL_Driver/Src/stm32f1xx_hal_cortex.o
                0x08000d02                HAL_SYSTICK_Config
 .text.HAL_SYSTICK_IRQHandler
                0x08000d1a        0xc HAL_Driver/Src/stm32f1xx_hal_cortex.o
                0x08000d1a                HAL_SYSTICK_IRQHandler
 .text.HAL_SYSTICK_Callback
                0x08000d26        0xc HAL_Driver/Src/stm32f1xx_hal_cortex.o
                0x08000d26                HAL_SYSTICK_Callback
 *fill*         0x08000d32        0x2 
 .text.HAL_DMA_Init
                0x08000d34       0xcc HAL_Driver/Src/stm32f1xx_hal_dma.o
                0x08000d34                HAL_DMA_Init
 .text.HAL_DMA_Start_IT
                0x08000e00       0xbe HAL_Driver/Src/stm32f1xx_hal_dma.o
                0x08000e00                HAL_DMA_Start_IT
 *fill*         0x08000ebe        0x2 
 .text.HAL_DMA_IRQHandler
                0x08000ec0      0x224 HAL_Driver/Src/stm32f1xx_hal_dma.o
                0x08000ec0                HAL_DMA_IRQHandler
 .text.DMA_SetConfig
                0x080010e4       0x5a HAL_Driver/Src/stm32f1xx_hal_dma.o
 *fill*         0x0800113e        0x2 
 .text.HAL_GPIO_Init
                0x08001140      0x2bc HAL_Driver/Src/stm32f1xx_hal_gpio.o
                0x08001140                HAL_GPIO_Init
 .text.HAL_GPIO_WritePin
                0x080013fc       0x30 HAL_Driver/Src/stm32f1xx_hal_gpio.o
                0x080013fc                HAL_GPIO_WritePin
 .text.HAL_GPIO_EXTI_IRQHandler
                0x0800142c       0x30 HAL_Driver/Src/stm32f1xx_hal_gpio.o
                0x0800142c                HAL_GPIO_EXTI_IRQHandler
 .text.HAL_MspInit
                0x0800145c        0xc HAL_Driver/Src/stm32f1xx_hal_msp_template.o
                0x0800145c                HAL_MspInit
 .text.HAL_RCC_OscConfig
                0x08001468      0x4c8 HAL_Driver/Src/stm32f1xx_hal_rcc.o
                0x08001468                HAL_RCC_OscConfig
 .text.HAL_RCC_ClockConfig
                0x08001930      0x1e8 HAL_Driver/Src/stm32f1xx_hal_rcc.o
                0x08001930                HAL_RCC_ClockConfig
 .text.HAL_RCC_GetSysClockFreq
                0x08001b18       0xc4 HAL_Driver/Src/stm32f1xx_hal_rcc.o
                0x08001b18                HAL_RCC_GetSysClockFreq
 .text.HAL_RCC_GetHCLKFreq
                0x08001bdc       0x14 HAL_Driver/Src/stm32f1xx_hal_rcc.o
                0x08001bdc                HAL_RCC_GetHCLKFreq
 .text.HAL_RCC_GetPCLK1Freq
                0x08001bf0       0x28 HAL_Driver/Src/stm32f1xx_hal_rcc.o
                0x08001bf0                HAL_RCC_GetPCLK1Freq
 .text.HAL_RCC_GetPCLK2Freq
                0x08001c18       0x28 HAL_Driver/Src/stm32f1xx_hal_rcc.o
                0x08001c18                HAL_RCC_GetPCLK2Freq
 .text.RCC_Delay
                0x08001c40       0x3c HAL_Driver/Src/stm32f1xx_hal_rcc.o
 .text.HAL_RCCEx_PeriphCLKConfig
                0x08001c7c      0x16c HAL_Driver/Src/stm32f1xx_hal_rcc_ex.o
                0x08001c7c                HAL_RCCEx_PeriphCLKConfig
 .text.HAL_RCCEx_GetPeriphCLKFreq
                0x08001de8      0x180 HAL_Driver/Src/stm32f1xx_hal_rcc_ex.o
                0x08001de8                HAL_RCCEx_GetPeriphCLKFreq
 .text.HAL_SPI_MspInit
                0x08001f68       0x12 HAL_Driver/Src/stm32f1xx_hal_spi.o
                0x08001f68                HAL_SPI_MspInit
 .text.HAL_SPI_Transmit
                0x08001f7a      0x2bc HAL_Driver/Src/stm32f1xx_hal_spi.o
                0x08001f7a                HAL_SPI_Transmit
 .text.HAL_SPI_TransmitReceive
                0x08002236      0x452 HAL_Driver/Src/stm32f1xx_hal_spi.o
                0x08002236                HAL_SPI_TransmitReceive
 .text.SPI_WaitFlagStateUntilTimeout
                0x08002688       0xd2 HAL_Driver/Src/stm32f1xx_hal_spi.o
 .text.SPI_CheckFlag_BSY
                0x0800275a       0x3c HAL_Driver/Src/stm32f1xx_hal_spi.o
 *fill*         0x08002796        0x2 
 .text.HAL_SPI_Init
                0x08002798       0xcc HAL_Driver/Src/stm32f1xx_hal_spi_ex.o
                0x08002798                HAL_SPI_Init
 .text.SPI_ISCRCErrorValid
                0x08002864       0x14 HAL_Driver/Src/stm32f1xx_hal_spi_ex.o
                0x08002864                SPI_ISCRCErrorValid
 .text.HAL_TIM_Base_Init
                0x08002878       0x56 HAL_Driver/Src/stm32f1xx_hal_tim.o
                0x08002878                HAL_TIM_Base_Init
 .text.HAL_TIM_Base_MspInit
                0x080028ce       0x12 HAL_Driver/Src/stm32f1xx_hal_tim.o
                0x080028ce                HAL_TIM_Base_MspInit
 .text.HAL_TIM_Base_Start
                0x080028e0       0x34 HAL_Driver/Src/stm32f1xx_hal_tim.o
                0x080028e0                HAL_TIM_Base_Start
 .text.TIM_Base_SetConfig
                0x08002914       0xcc HAL_Driver/Src/stm32f1xx_hal_tim.o
                0x08002914                TIM_Base_SetConfig
 .text.HAL_TIMEx_MasterConfigSynchronization
                0x080029e0       0x88 HAL_Driver/Src/stm32f1xx_hal_tim_ex.o
                0x080029e0                HAL_TIMEx_MasterConfigSynchronization
 .text.HAL_UART_Init
                0x08002a68       0x9a HAL_Driver/Src/stm32f1xx_hal_uart.o
                0x08002a68                HAL_UART_Init
 .text.HAL_UART_MspInit
                0x08002b02       0x12 HAL_Driver/Src/stm32f1xx_hal_uart.o
                0x08002b02                HAL_UART_MspInit
 .text.HAL_UART_Transmit
                0x08002b14      0x130 HAL_Driver/Src/stm32f1xx_hal_uart.o
                0x08002b14                HAL_UART_Transmit
 .text.UART_WaitOnFlagUntilTimeout
                0x08002c44       0x94 HAL_Driver/Src/stm32f1xx_hal_uart.o
 .text.UART_SetConfig
                0x08002cd8      0x230 HAL_Driver/Src/stm32f1xx_hal_uart.o
 .text.Adc_Config
                0x08002f08       0xac src/adc.o
                0x08002f08                Adc_Config
 .text.Dma_Config
                0x08002fb4      0x14c src/dma.o
                0x08002fb4                Dma_Config
 .text.CodeAdcData
                0x08003100       0xc0 src/dma.o
                0x08003100                CodeAdcData
 .text.sendADCdata
                0x080031c0       0x90 src/dma.o
                0x080031c0                sendADCdata
 .text.DMA1_Channel1_IRQHandler
                0x08003250       0x1c src/dma.o
                0x08003250                DMA1_Channel1_IRQHandler
 .text.Initialize
                0x0800326c       0x12 src/init.o
                0x0800326c                Initialize
 .text.SystemClock_Config
                0x0800327e       0x8a src/init.o
                0x0800327e                SystemClock_Config
 .text.loggerConfig
                0x08003308       0xa0 src/logger.o
                0x08003308                loggerConfig
 .text.main     0x080033a8       0x78 src/main.o
                0x080033a8                main
 .text.Spi_Config
                0x08003420       0x80 src/spi.o
                0x08003420                Spi_Config
 .text.Acc_Gyr_Config
                0x080034a0       0x48 src/spi.o
                0x080034a0                Acc_Gyr_Config
 .text.SpiWriteData
                0x080034e8       0x54 src/spi.o
                0x080034e8                SpiWriteData
 .text.SpiReadData
                0x0800353c       0x58 src/spi.o
                0x0800353c                SpiReadData
 .text.PrepareBufferToSend
                0x08003594       0x2c src/spi.o
                0x08003594                PrepareBufferToSend
 .text.CodeData
                0x080035c0       0xc0 src/spi.o
                0x080035c0                CodeData
 .text.Read_Sensors_Data
                0x08003680       0xec src/spi.o
                0x08003680                Read_Sensors_Data
 .text.Reset_Handler
                0x0800376c       0x48 src/startup_stm32f103xb.o
                0x0800376c                Reset_Handler
 .text.Default_Handler
                0x080037b4        0x2 src/startup_stm32f103xb.o
                0x080037b4                RTC_Alarm_IRQHandler
                0x080037b4                EXTI2_IRQHandler
                0x080037b4                DebugMon_Handler
                0x080037b4                TIM1_CC_IRQHandler
                0x080037b4                HardFault_Handler
                0x080037b4                PVD_IRQHandler
                0x080037b4                PendSV_Handler
                0x080037b4                NMI_Handler
                0x080037b4                EXTI3_IRQHandler
                0x080037b4                EXTI0_IRQHandler
                0x080037b4                I2C2_EV_IRQHandler
                0x080037b4                UsageFault_Handler
                0x080037b4                ADC1_2_IRQHandler
                0x080037b4                SPI1_IRQHandler
                0x080037b4                TAMPER_IRQHandler
                0x080037b4                DMA1_Channel4_IRQHandler
                0x080037b4                USART3_IRQHandler
                0x080037b4                RTC_IRQHandler
                0x080037b4                DMA1_Channel7_IRQHandler
                0x080037b4                CAN1_RX1_IRQHandler
                0x080037b4                TIM4_IRQHandler
                0x080037b4                I2C1_EV_IRQHandler
                0x080037b4                DMA1_Channel6_IRQHandler
                0x080037b4                TIM3_IRQHandler
                0x080037b4                RCC_IRQHandler
                0x080037b4                TIM1_TRG_COM_IRQHandler
                0x080037b4                Default_Handler
                0x080037b4                SPI2_IRQHandler
                0x080037b4                MemManage_Handler
                0x080037b4                SVC_Handler
                0x080037b4                DMA1_Channel5_IRQHandler
                0x080037b4                EXTI4_IRQHandler
                0x080037b4                USB_LP_CAN1_RX0_IRQHandler
                0x080037b4                USB_HP_CAN1_TX_IRQHandler
                0x080037b4                DMA1_Channel3_IRQHandler
                0x080037b4                TIM1_UP_IRQHandler
                0x080037b4                WWDG_IRQHandler
                0x080037b4                TIM2_IRQHandler
                0x080037b4                TIM1_BRK_IRQHandler
                0x080037b4                EXTI1_IRQHandler
                0x080037b4                USART2_IRQHandler
                0x080037b4                I2C2_ER_IRQHandler
                0x080037b4                DMA1_Channel2_IRQHandler
                0x080037b4                CAN1_SCE_IRQHandler
                0x080037b4                FLASH_IRQHandler
                0x080037b4                BusFault_Handler
                0x080037b4                USART1_IRQHandler
                0x080037b4                I2C1_ER_IRQHandler
                0x080037b4                USBWakeUp_IRQHandler
 .text.SysTick_Handler
                0x080037b6       0x10 src/stm32f1xx_it.o
                0x080037b6                SysTick_Handler
 *fill*         0x080037c6        0x2 
 .text.SystemInit
                0x080037c8       0x68 src/system_stm32f1xx.o
                0x080037c8                SystemInit
 .text.Tim_Config
                0x08003830       0x80 src/tim.o
                0x08003830                Tim_Config
 .text.Uart_Config
                0x080038b0      0x1d0 src/uart.o
                0x080038b0                Uart_Config
 .text.UartInstance
                0x08003a80       0x34 src/uart.o
                0x08003a80                UartInstance
 .text.EXTI15_10_IRQHandler
                0x08003ab4       0x10 src/uart.o
                0x08003ab4                EXTI15_10_IRQHandler
 .text.EXTI9_5_IRQHandler
                0x08003ac4       0x10 src/uart.o
                0x08003ac4                EXTI9_5_IRQHandler
 .text.HAL_GPIO_EXTI_Callback
                0x08003ad4       0x38 src/uart.o
                0x08003ad4                HAL_GPIO_EXTI_Callback
 .text.__libc_init_array
                0x08003b0c       0x50 c:/ac6/systemworkbench/plugins/fr.ac6.mcu.externaltools.arm-none.win32_1.15.0.201708311556/tools/compiler/bin/../lib/gcc/arm-none-eabi/6.3.1/../../../../arm-none-eabi/lib/thumb/v7-m\libc.a(lib_a-init.o)
                0x08003b0c                __libc_init_array
 .text.memset   0x08003b5c       0x9c c:/ac6/systemworkbench/plugins/fr.ac6.mcu.externaltools.arm-none.win32_1.15.0.201708311556/tools/compiler/bin/../lib/gcc/arm-none-eabi/6.3.1/../../../../arm-none-eabi/lib/thumb/v7-m\libc.a(lib_a-memset.o)
                0x08003b5c                memset
 .text.startup.register_fini
                0x08003bf8       0x14 c:/ac6/systemworkbench/plugins/fr.ac6.mcu.externaltools.arm-none.win32_1.15.0.201708311556/tools/compiler/bin/../lib/gcc/arm-none-eabi/6.3.1/../../../../arm-none-eabi/lib/thumb/v7-m\libc.a(lib_a-__call_atexit.o)
 .text.atexit   0x08003c0c        0xc c:/ac6/systemworkbench/plugins/fr.ac6.mcu.externaltools.arm-none.win32_1.15.0.201708311556/tools/compiler/bin/../lib/gcc/arm-none-eabi/6.3.1/../../../../arm-none-eabi/lib/thumb/v7-m\libc.a(lib_a-atexit.o)
                0x08003c0c                atexit
 .text.__libc_fini_array
                0x08003c18       0x34 c:/ac6/systemworkbench/plugins/fr.ac6.mcu.externaltools.arm-none.win32_1.15.0.201708311556/tools/compiler/bin/../lib/gcc/arm-none-eabi/6.3.1/../../../../arm-none-eabi/lib/thumb/v7-m\libc.a(lib_a-fini.o)
                0x08003c18                __libc_fini_array
 .text.__retarget_lock_acquire_recursive
                0x08003c4c        0x4 c:/ac6/systemworkbench/plugins/fr.ac6.mcu.externaltools.arm-none.win32_1.15.0.201708311556/tools/compiler/bin/../lib/gcc/arm-none-eabi/6.3.1/../../../../arm-none-eabi/lib/thumb/v7-m\libc.a(lib_a-lock.o)
                0x08003c4c                __retarget_lock_acquire_recursive
 .text.__retarget_lock_release_recursive
                0x08003c50        0x4 c:/ac6/systemworkbench/plugins/fr.ac6.mcu.externaltools.arm-none.win32_1.15.0.201708311556/tools/compiler/bin/../lib/gcc/arm-none-eabi/6.3.1/../../../../arm-none-eabi/lib/thumb/v7-m\libc.a(lib_a-lock.o)
                0x08003c50                __retarget_lock_release_recursive
 .text.__register_exitproc
                0x08003c54       0xc4 c:/ac6/systemworkbench/plugins/fr.ac6.mcu.externaltools.arm-none.win32_1.15.0.201708311556/tools/compiler/bin/../lib/gcc/arm-none-eabi/6.3.1/../../../../arm-none-eabi/lib/thumb/v7-m\libc.a(lib_a-__atexit.o)
                0x08003c54                __register_exitproc
 *(.glue_7)
 .glue_7        0x08003d18        0x0 linker stubs
 *(.glue_7t)
 .glue_7t       0x08003d18        0x0 linker stubs
 *(.eh_frame)
 .eh_frame      0x08003d18        0x0 c:/ac6/systemworkbench/plugins/fr.ac6.mcu.externaltools.arm-none.win32_1.15.0.201708311556/tools/compiler/bin/../lib/gcc/arm-none-eabi/6.3.1/thumb/v7-m/crtbegin.o
 *(.init)
 .init          0x08003d18        0x4 c:/ac6/systemworkbench/plugins/fr.ac6.mcu.externaltools.arm-none.win32_1.15.0.201708311556/tools/compiler/bin/../lib/gcc/arm-none-eabi/6.3.1/thumb/v7-m/crti.o
                0x08003d18                _init
 .init          0x08003d1c        0x8 c:/ac6/systemworkbench/plugins/fr.ac6.mcu.externaltools.arm-none.win32_1.15.0.201708311556/tools/compiler/bin/../lib/gcc/arm-none-eabi/6.3.1/thumb/v7-m/crtn.o
 *(.fini)
 .fini          0x08003d24        0x4 c:/ac6/systemworkbench/plugins/fr.ac6.mcu.externaltools.arm-none.win32_1.15.0.201708311556/tools/compiler/bin/../lib/gcc/arm-none-eabi/6.3.1/thumb/v7-m/crti.o
                0x08003d24                _fini
 .fini          0x08003d28        0x8 c:/ac6/systemworkbench/plugins/fr.ac6.mcu.externaltools.arm-none.win32_1.15.0.201708311556/tools/compiler/bin/../lib/gcc/arm-none-eabi/6.3.1/thumb/v7-m/crtn.o
                0x08003d30                . = ALIGN (0x4)
                0x08003d30                _etext = .

.vfp11_veneer   0x08003d30        0x0
 .vfp11_veneer  0x08003d30        0x0 linker stubs

.v4_bx          0x08003d30        0x0
 .v4_bx         0x08003d30        0x0 linker stubs

.iplt           0x08003d30        0x0
 .iplt          0x08003d30        0x0 c:/ac6/systemworkbench/plugins/fr.ac6.mcu.externaltools.arm-none.win32_1.15.0.201708311556/tools/compiler/bin/../lib/gcc/arm-none-eabi/6.3.1/thumb/v7-m/crtbegin.o

.rodata         0x08003d30       0x44
                0x08003d30                . = ALIGN (0x4)
 *(.rodata)
 .rodata        0x08003d30       0x12 HAL_Driver/Src/stm32f1xx_hal_rcc.o
 *fill*         0x08003d42        0x2 
 .rodata        0x08003d44       0x12 HAL_Driver/Src/stm32f1xx_hal_rcc_ex.o
 *fill*         0x08003d56        0x2 
 .rodata        0x08003d58       0x18 src/system_stm32f1xx.o
                0x08003d58                AHBPrescTable
                0x08003d68                APBPrescTable
 *(.rodata*)
 .rodata._global_impure_ptr
                0x08003d70        0x4 c:/ac6/systemworkbench/plugins/fr.ac6.mcu.externaltools.arm-none.win32_1.15.0.201708311556/tools/compiler/bin/../lib/gcc/arm-none-eabi/6.3.1/../../../../arm-none-eabi/lib/thumb/v7-m\libc.a(lib_a-impure.o)
                0x08003d70                _global_impure_ptr
                0x08003d74                . = ALIGN (0x4)

.rel.dyn        0x08003d74        0x0
 .rel.iplt      0x08003d74        0x0 c:/ac6/systemworkbench/plugins/fr.ac6.mcu.externaltools.arm-none.win32_1.15.0.201708311556/tools/compiler/bin/../lib/gcc/arm-none-eabi/6.3.1/thumb/v7-m/crtbegin.o

.ARM.extab
 *(.ARM.extab* .gnu.linkonce.armextab.*)

.ARM            0x08003d74        0x0
                0x08003d74                __exidx_start = .
 *(.ARM.exidx*)
                0x08003d74                __exidx_end = .

.preinit_array  0x08003d74        0x0
                0x08003d74                PROVIDE (__preinit_array_start, .)
 *(.preinit_array*)
                0x08003d74                PROVIDE (__preinit_array_end, .)

.init_array     0x08003d74        0x8
                0x08003d74                PROVIDE (__init_array_start, .)
 *(SORT(.init_array.*))
 .init_array.00000
                0x08003d74        0x4 c:/ac6/systemworkbench/plugins/fr.ac6.mcu.externaltools.arm-none.win32_1.15.0.201708311556/tools/compiler/bin/../lib/gcc/arm-none-eabi/6.3.1/../../../../arm-none-eabi/lib/thumb/v7-m\libc.a(lib_a-__call_atexit.o)
 *(.init_array*)
 .init_array    0x08003d78        0x4 c:/ac6/systemworkbench/plugins/fr.ac6.mcu.externaltools.arm-none.win32_1.15.0.201708311556/tools/compiler/bin/../lib/gcc/arm-none-eabi/6.3.1/thumb/v7-m/crtbegin.o
                0x08003d7c                PROVIDE (__init_array_end, .)

.fini_array     0x08003d7c        0x4
                0x08003d7c                PROVIDE (__fini_array_start, .)
 *(SORT(.fini_array.*))
 *(.fini_array*)
 .fini_array    0x08003d7c        0x4 c:/ac6/systemworkbench/plugins/fr.ac6.mcu.externaltools.arm-none.win32_1.15.0.201708311556/tools/compiler/bin/../lib/gcc/arm-none-eabi/6.3.1/thumb/v7-m/crtbegin.o
                0x08003d80                PROVIDE (__fini_array_end, .)
                0x08003d80                _sidata = LOADADDR (.data)

.data           0x20000000      0x434 load address 0x08003d80
                0x20000000                . = ALIGN (0x4)
                0x20000000                _sdata = .
 *(.data)
 .data          0x20000000        0x4 src/spi.o
                0x20000000                acc_en
                0x20000001                gyr_en
                0x20000002                acc_value
                0x20000003                gyr_value
 .data          0x20000004        0x4 src/system_stm32f1xx.o
                0x20000004                SystemCoreClock
 *(.data*)
 .data.impure_data
                0x20000008      0x428 c:/ac6/systemworkbench/plugins/fr.ac6.mcu.externaltools.arm-none.win32_1.15.0.201708311556/tools/compiler/bin/../lib/gcc/arm-none-eabi/6.3.1/../../../../arm-none-eabi/lib/thumb/v7-m\libc.a(lib_a-impure.o)
 .data.__atexit_recursive_mutex
                0x20000430        0x4 c:/ac6/systemworkbench/plugins/fr.ac6.mcu.externaltools.arm-none.win32_1.15.0.201708311556/tools/compiler/bin/../lib/gcc/arm-none-eabi/6.3.1/../../../../arm-none-eabi/lib/thumb/v7-m\libc.a(lib_a-__call_atexit.o)
                0x20000430                __atexit_recursive_mutex
                0x20000434                . = ALIGN (0x4)
                0x20000434                _edata = .

.jcr            0x20000434        0x0 load address 0x080041b4
 .jcr           0x20000434        0x0 c:/ac6/systemworkbench/plugins/fr.ac6.mcu.externaltools.arm-none.win32_1.15.0.201708311556/tools/compiler/bin/../lib/gcc/arm-none-eabi/6.3.1/thumb/v7-m/crtbegin.o

.igot.plt       0x20000434        0x0 load address 0x080041b4
 .igot.plt      0x20000434        0x0 c:/ac6/systemworkbench/plugins/fr.ac6.mcu.externaltools.arm-none.win32_1.15.0.201708311556/tools/compiler/bin/../lib/gcc/arm-none-eabi/6.3.1/thumb/v7-m/crtbegin.o
                0x20000434                . = ALIGN (0x4)

.bss            0x20000434      0x2a0 load address 0x080041b4
                0x20000434                _sbss = .
                0x20000434                __bss_start__ = _sbss
 *(.bss)
 .bss           0x20000434       0x1c c:/ac6/systemworkbench/plugins/fr.ac6.mcu.externaltools.arm-none.win32_1.15.0.201708311556/tools/compiler/bin/../lib/gcc/arm-none-eabi/6.3.1/thumb/v7-m/crtbegin.o
 .bss           0x20000450        0x1 HAL_Driver/Src/stm32f1xx_hal_spi_ex.o
                0x20000450                uCRCErrorWorkaroundCheck
 .bss           0x20000451        0x1 src/dma.o
                0x20000451                dma_transfer_complete
 .bss           0x20000452        0x2 src/uart.o
                0x20000452                acc_ready
                0x20000453                gyr_ready
 *(.bss*)
 *(COMMON)
 COMMON         0x20000454        0x4 HAL_Driver/Src/stm32f1xx_hal.o
                0x20000454                uwTick
 COMMON         0x20000458       0x30 src/adc.o
                0x20000458                adc
 COMMON         0x20000488      0x170 src/dma.o
                0x20000488                dma
                0x200004cc                i2c_dma
                0x20000510                UartHandle
                0x20000550                ADC1buffer
                0x20000554                adc_data_to_send
                0x20000560                uart
                0x200005a0                adcValue
                0x200005a4                gpio_i2c
                0x200005b4                uart_dma
 COMMON         0x200005f8       0x40 src/main.o
                0x200005f8                htim
 COMMON         0x20000638       0x78 src/spi.o
                0x20000638                acc_data_to_send
                0x20000654                buffer_to_send
                0x20000658                spi
 COMMON         0x200006b0       0x21 c:/ac6/systemworkbench/plugins/fr.ac6.mcu.externaltools.arm-none.win32_1.15.0.201708311556/tools/compiler/bin/../lib/gcc/arm-none-eabi/6.3.1/../../../../arm-none-eabi/lib/thumb/v7-m\libc.a(lib_a-lock.o)
                0x200006b0                __lock___atexit_recursive_mutex
                0x200006b4                __lock___arc4random_mutex
                0x200006b8                __lock___env_recursive_mutex
                0x200006bc                __lock___sinit_recursive_mutex
                0x200006c0                __lock___malloc_recursive_mutex
                0x200006c4                __lock___at_quick_exit_mutex
                0x200006c8                __lock___dd_hash_mutex
                0x200006cc                __lock___tz_mutex
                0x200006d0                __lock___sfp_recursive_mutex
                0x200006d4                . = ALIGN (0x4)
 *fill*         0x200006d1        0x3 
                0x200006d4                _ebss = .
                0x200006d4                __bss_end__ = _ebss

._user_heap_stack
                0x200006d4      0x604 load address 0x080041b4
                0x200006d8                . = ALIGN (0x8)
 *fill*         0x200006d4        0x4 
                0x200006d8                PROVIDE (end, .)
                [!provide]                PROVIDE (_end, .)
                0x200008d8                . = (. + _Min_Heap_Size)
 *fill*         0x200006d8      0x200 
                0x20000cd8                . = (. + _Min_Stack_Size)
 *fill*         0x200008d8      0x400 
                0x20000cd8                . = ALIGN (0x8)

/DISCARD/
 libc.a(*)
 libm.a(*)
 libgcc.a(*)

.ARM.attributes
                0x00000000       0x29
 *(.ARM.attributes)
 .ARM.attributes
                0x00000000       0x1d c:/ac6/systemworkbench/plugins/fr.ac6.mcu.externaltools.arm-none.win32_1.15.0.201708311556/tools/compiler/bin/../lib/gcc/arm-none-eabi/6.3.1/thumb/v7-m/crti.o
 .ARM.attributes
                0x0000001d       0x2d c:/ac6/systemworkbench/plugins/fr.ac6.mcu.externaltools.arm-none.win32_1.15.0.201708311556/tools/compiler/bin/../lib/gcc/arm-none-eabi/6.3.1/thumb/v7-m/crtbegin.o
 .ARM.attributes
                0x0000004a       0x33 HAL_Driver/Src/stm32f1xx_hal.o
 .ARM.attributes
                0x0000007d       0x33 HAL_Driver/Src/stm32f1xx_hal_adc.o
 .ARM.attributes
                0x000000b0       0x33 HAL_Driver/Src/stm32f1xx_hal_adc_ex.o
 .ARM.attributes
                0x000000e3       0x33 HAL_Driver/Src/stm32f1xx_hal_cortex.o
 .ARM.attributes
                0x00000116       0x33 HAL_Driver/Src/stm32f1xx_hal_dma.o
 .ARM.attributes
                0x00000149       0x33 HAL_Driver/Src/stm32f1xx_hal_gpio.o
 .ARM.attributes
                0x0000017c       0x33 HAL_Driver/Src/stm32f1xx_hal_msp_template.o
 .ARM.attributes
                0x000001af       0x33 HAL_Driver/Src/stm32f1xx_hal_rcc.o
 .ARM.attributes
                0x000001e2       0x33 HAL_Driver/Src/stm32f1xx_hal_rcc_ex.o
 .ARM.attributes
                0x00000215       0x33 HAL_Driver/Src/stm32f1xx_hal_spi.o
 .ARM.attributes
                0x00000248       0x33 HAL_Driver/Src/stm32f1xx_hal_spi_ex.o
 .ARM.attributes
                0x0000027b       0x33 HAL_Driver/Src/stm32f1xx_hal_tim.o
 .ARM.attributes
                0x000002ae       0x33 HAL_Driver/Src/stm32f1xx_hal_tim_ex.o
 .ARM.attributes
                0x000002e1       0x33 HAL_Driver/Src/stm32f1xx_hal_uart.o
 .ARM.attributes
                0x00000314       0x33 src/adc.o
 .ARM.attributes
                0x00000347       0x33 src/dma.o
 .ARM.attributes
                0x0000037a       0x33 src/init.o
 .ARM.attributes
                0x000003ad       0x33 src/logger.o
 .ARM.attributes
                0x000003e0       0x33 src/main.o
 .ARM.attributes
                0x00000413       0x33 src/spi.o
 .ARM.attributes
                0x00000446       0x21 src/startup_stm32f103xb.o
 .ARM.attributes
                0x00000467       0x33 src/stm32f1xx_it.o
 .ARM.attributes
                0x0000049a       0x33 src/system_stm32f1xx.o
 .ARM.attributes
                0x000004cd       0x33 src/tim.o
 .ARM.attributes
                0x00000500       0x33 src/uart.o
 .ARM.attributes
                0x00000533       0x2d c:/ac6/systemworkbench/plugins/fr.ac6.mcu.externaltools.arm-none.win32_1.15.0.201708311556/tools/compiler/bin/../lib/gcc/arm-none-eabi/6.3.1/../../../../arm-none-eabi/lib/thumb/v7-m\libc.a(lib_a-impure.o)
 .ARM.attributes
                0x00000560       0x2d c:/ac6/systemworkbench/plugins/fr.ac6.mcu.externaltools.arm-none.win32_1.15.0.201708311556/tools/compiler/bin/../lib/gcc/arm-none-eabi/6.3.1/../../../../arm-none-eabi/lib/thumb/v7-m\libc.a(lib_a-init.o)
 .ARM.attributes
                0x0000058d       0x2d c:/ac6/systemworkbench/plugins/fr.ac6.mcu.externaltools.arm-none.win32_1.15.0.201708311556/tools/compiler/bin/../lib/gcc/arm-none-eabi/6.3.1/../../../../arm-none-eabi/lib/thumb/v7-m\libc.a(lib_a-memset.o)
 .ARM.attributes
                0x000005ba       0x2d c:/ac6/systemworkbench/plugins/fr.ac6.mcu.externaltools.arm-none.win32_1.15.0.201708311556/tools/compiler/bin/../lib/gcc/arm-none-eabi/6.3.1/../../../../arm-none-eabi/lib/thumb/v7-m\libc.a(lib_a-__call_atexit.o)
 .ARM.attributes
                0x000005e7       0x2d c:/ac6/systemworkbench/plugins/fr.ac6.mcu.externaltools.arm-none.win32_1.15.0.201708311556/tools/compiler/bin/../lib/gcc/arm-none-eabi/6.3.1/../../../../arm-none-eabi/lib/thumb/v7-m\libc.a(lib_a-atexit.o)
 .ARM.attributes
                0x00000614       0x2d c:/ac6/systemworkbench/plugins/fr.ac6.mcu.externaltools.arm-none.win32_1.15.0.201708311556/tools/compiler/bin/../lib/gcc/arm-none-eabi/6.3.1/../../../../arm-none-eabi/lib/thumb/v7-m\libc.a(lib_a-fini.o)
 .ARM.attributes
                0x00000641       0x2d c:/ac6/systemworkbench/plugins/fr.ac6.mcu.externaltools.arm-none.win32_1.15.0.201708311556/tools/compiler/bin/../lib/gcc/arm-none-eabi/6.3.1/../../../../arm-none-eabi/lib/thumb/v7-m\libc.a(lib_a-lock.o)
 .ARM.attributes
                0x0000066e       0x2d c:/ac6/systemworkbench/plugins/fr.ac6.mcu.externaltools.arm-none.win32_1.15.0.201708311556/tools/compiler/bin/../lib/gcc/arm-none-eabi/6.3.1/../../../../arm-none-eabi/lib/thumb/v7-m\libc.a(lib_a-__atexit.o)
 .ARM.attributes
                0x0000069b       0x1d c:/ac6/systemworkbench/plugins/fr.ac6.mcu.externaltools.arm-none.win32_1.15.0.201708311556/tools/compiler/bin/../lib/gcc/arm-none-eabi/6.3.1/thumb/v7-m/crtn.o
OUTPUT(F1_Mag.elf elf32-littlearm)

.debug_info     0x00000000    0x1aa6f
 .debug_info    0x00000000      0xe49 HAL_Driver/Src/stm32f1xx_hal.o
 .debug_info    0x00000e49     0x142d HAL_Driver/Src/stm32f1xx_hal_adc.o
 .debug_info    0x00002276     0x11c7 HAL_Driver/Src/stm32f1xx_hal_adc_ex.o
 .debug_info    0x0000343d     0x1317 HAL_Driver/Src/stm32f1xx_hal_cortex.o
 .debug_info    0x00004754      0xf80 HAL_Driver/Src/stm32f1xx_hal_dma.o
 .debug_info    0x000056d4      0xe7a HAL_Driver/Src/stm32f1xx_hal_gpio.o
 .debug_info    0x0000654e      0x987 HAL_Driver/Src/stm32f1xx_hal_msp_template.o
 .debug_info    0x00006ed5      0xfe0 HAL_Driver/Src/stm32f1xx_hal_rcc.o
 .debug_info    0x00007eb5      0xc18 HAL_Driver/Src/stm32f1xx_hal_rcc_ex.o
 .debug_info    0x00008acd     0x1d94 HAL_Driver/Src/stm32f1xx_hal_spi.o
 .debug_info    0x0000a861      0xe47 HAL_Driver/Src/stm32f1xx_hal_spi_ex.o
 .debug_info    0x0000b6a8     0x29e0 HAL_Driver/Src/stm32f1xx_hal_tim.o
 .debug_info    0x0000e088     0x178f HAL_Driver/Src/stm32f1xx_hal_tim_ex.o
 .debug_info    0x0000f817     0x19ab HAL_Driver/Src/stm32f1xx_hal_uart.o
 .debug_info    0x000111c2      0xeb9 src/adc.o
 .debug_info    0x0001207b     0x12f7 src/dma.o
 .debug_info    0x00013372      0xab0 src/init.o
 .debug_info    0x00013e22      0xfc7 src/logger.o
 .debug_info    0x00014de9     0x1299 src/main.o
 .debug_info    0x00016082     0x13ef src/spi.o
 .debug_info    0x00017471       0x67 src/startup_stm32f103xb.o
 .debug_info    0x000174d8      0x954 src/stm32f1xx_it.o
 .debug_info    0x00017e2c      0xc18 src/system_stm32f1xx.o
 .debug_info    0x00018a44      0xecb src/tim.o
 .debug_info    0x0001990f     0x1160 src/uart.o

.debug_abbrev   0x00000000     0x3b43
 .debug_abbrev  0x00000000      0x2ca HAL_Driver/Src/stm32f1xx_hal.o
 .debug_abbrev  0x000002ca      0x26d HAL_Driver/Src/stm32f1xx_hal_adc.o
 .debug_abbrev  0x00000537      0x28d HAL_Driver/Src/stm32f1xx_hal_adc_ex.o
 .debug_abbrev  0x000007c4      0x394 HAL_Driver/Src/stm32f1xx_hal_cortex.o
 .debug_abbrev  0x00000b58      0x2a5 HAL_Driver/Src/stm32f1xx_hal_dma.o
 .debug_abbrev  0x00000dfd      0x287 HAL_Driver/Src/stm32f1xx_hal_gpio.o
 .debug_abbrev  0x00001084      0x1b1 HAL_Driver/Src/stm32f1xx_hal_msp_template.o
 .debug_abbrev  0x00001235      0x30e HAL_Driver/Src/stm32f1xx_hal_rcc.o
 .debug_abbrev  0x00001543      0x25e HAL_Driver/Src/stm32f1xx_hal_rcc_ex.o
 .debug_abbrev  0x000017a1      0x2e7 HAL_Driver/Src/stm32f1xx_hal_spi.o
 .debug_abbrev  0x00001a88      0x216 HAL_Driver/Src/stm32f1xx_hal_spi_ex.o
 .debug_abbrev  0x00001c9e      0x2e6 HAL_Driver/Src/stm32f1xx_hal_tim.o
 .debug_abbrev  0x00001f84      0x2c3 HAL_Driver/Src/stm32f1xx_hal_tim_ex.o
 .debug_abbrev  0x00002247      0x2e9 HAL_Driver/Src/stm32f1xx_hal_uart.o
 .debug_abbrev  0x00002530      0x21b src/adc.o
 .debug_abbrev  0x0000274b      0x287 src/dma.o
 .debug_abbrev  0x000029d2      0x201 src/init.o
 .debug_abbrev  0x00002bd3      0x239 src/logger.o
 .debug_abbrev  0x00002e0c      0x20b src/main.o
 .debug_abbrev  0x00003017      0x2c3 src/spi.o
 .debug_abbrev  0x000032da       0x12 src/startup_stm32f103xb.o
 .debug_abbrev  0x000032ec      0x1b1 src/stm32f1xx_it.o
 .debug_abbrev  0x0000349d      0x226 src/system_stm32f1xx.o
 .debug_abbrev  0x000036c3      0x210 src/tim.o
 .debug_abbrev  0x000038d3      0x270 src/uart.o

.debug_aranges  0x00000000      0xf80
 .debug_aranges
                0x00000000       0xb8 HAL_Driver/Src/stm32f1xx_hal.o
 .debug_aranges
                0x000000b8       0xf0 HAL_Driver/Src/stm32f1xx_hal_adc.o
 .debug_aranges
                0x000001a8       0x80 HAL_Driver/Src/stm32f1xx_hal_adc_ex.o
 .debug_aranges
                0x00000228      0x100 HAL_Driver/Src/stm32f1xx_hal_cortex.o
 .debug_aranges
                0x00000328       0x80 HAL_Driver/Src/stm32f1xx_hal_dma.o
 .debug_aranges
                0x000003a8       0x58 HAL_Driver/Src/stm32f1xx_hal_gpio.o
 .debug_aranges
                0x00000400       0x38 HAL_Driver/Src/stm32f1xx_hal_msp_template.o
 .debug_aranges
                0x00000438       0x90 HAL_Driver/Src/stm32f1xx_hal_rcc.o
 .debug_aranges
                0x000004c8       0x30 HAL_Driver/Src/stm32f1xx_hal_rcc_ex.o
 .debug_aranges
                0x000004f8      0x1f0 HAL_Driver/Src/stm32f1xx_hal_spi.o
 .debug_aranges
                0x000006e8       0x28 HAL_Driver/Src/stm32f1xx_hal_spi_ex.o
 .debug_aranges
                0x00000710      0x368 HAL_Driver/Src/stm32f1xx_hal_tim.o
 .debug_aranges
                0x00000a78      0x138 HAL_Driver/Src/stm32f1xx_hal_tim_ex.o
 .debug_aranges
                0x00000bb0      0x1d0 HAL_Driver/Src/stm32f1xx_hal_uart.o
 .debug_aranges
                0x00000d80       0x28 src/adc.o
 .debug_aranges
                0x00000da8       0x38 src/dma.o
 .debug_aranges
                0x00000de0       0x28 src/init.o
 .debug_aranges
                0x00000e08       0x28 src/logger.o
 .debug_aranges
                0x00000e30       0x20 src/main.o
 .debug_aranges
                0x00000e50       0x60 src/spi.o
 .debug_aranges
                0x00000eb0       0x28 src/startup_stm32f103xb.o
 .debug_aranges
                0x00000ed8       0x20 src/stm32f1xx_it.o
 .debug_aranges
                0x00000ef8       0x28 src/system_stm32f1xx.o
 .debug_aranges
                0x00000f20       0x20 src/tim.o
 .debug_aranges
                0x00000f40       0x40 src/uart.o

.debug_ranges   0x00000000      0xdf8
 .debug_ranges  0x00000000       0xa8 HAL_Driver/Src/stm32f1xx_hal.o
 .debug_ranges  0x000000a8       0xe0 HAL_Driver/Src/stm32f1xx_hal_adc.o
 .debug_ranges  0x00000188       0x70 HAL_Driver/Src/stm32f1xx_hal_adc_ex.o
 .debug_ranges  0x000001f8       0xf0 HAL_Driver/Src/stm32f1xx_hal_cortex.o
 .debug_ranges  0x000002e8       0x70 HAL_Driver/Src/stm32f1xx_hal_dma.o
 .debug_ranges  0x00000358       0x48 HAL_Driver/Src/stm32f1xx_hal_gpio.o
 .debug_ranges  0x000003a0       0x28 HAL_Driver/Src/stm32f1xx_hal_msp_template.o
 .debug_ranges  0x000003c8       0x80 HAL_Driver/Src/stm32f1xx_hal_rcc.o
 .debug_ranges  0x00000448       0x20 HAL_Driver/Src/stm32f1xx_hal_rcc_ex.o
 .debug_ranges  0x00000468      0x1e0 HAL_Driver/Src/stm32f1xx_hal_spi.o
 .debug_ranges  0x00000648       0x18 HAL_Driver/Src/stm32f1xx_hal_spi_ex.o
 .debug_ranges  0x00000660      0x358 HAL_Driver/Src/stm32f1xx_hal_tim.o
 .debug_ranges  0x000009b8      0x128 HAL_Driver/Src/stm32f1xx_hal_tim_ex.o
 .debug_ranges  0x00000ae0      0x1c0 HAL_Driver/Src/stm32f1xx_hal_uart.o
 .debug_ranges  0x00000ca0       0x18 src/adc.o
 .debug_ranges  0x00000cb8       0x28 src/dma.o
 .debug_ranges  0x00000ce0       0x18 src/init.o
 .debug_ranges  0x00000cf8       0x18 src/logger.o
 .debug_ranges  0x00000d10       0x10 src/main.o
 .debug_ranges  0x00000d20       0x50 src/spi.o
 .debug_ranges  0x00000d70       0x20 src/startup_stm32f103xb.o
 .debug_ranges  0x00000d90       0x10 src/stm32f1xx_it.o
 .debug_ranges  0x00000da0       0x18 src/system_stm32f1xx.o
 .debug_ranges  0x00000db8       0x10 src/tim.o
 .debug_ranges  0x00000dc8       0x30 src/uart.o

.debug_macro    0x00000000    0x1b08d
 .debug_macro   0x00000000      0x428 HAL_Driver/Src/stm32f1xx_hal.o
 .debug_macro   0x00000428      0x8ce HAL_Driver/Src/stm32f1xx_hal.o
 .debug_macro   0x00000cf6      0x224 HAL_Driver/Src/stm32f1xx_hal.o
 .debug_macro   0x00000f1a       0x28 HAL_Driver/Src/stm32f1xx_hal.o
 .debug_macro   0x00000f42       0x22 HAL_Driver/Src/stm32f1xx_hal.o
 .debug_macro   0x00000f64       0x22 HAL_Driver/Src/stm32f1xx_hal.o
 .debug_macro   0x00000f86       0x87 HAL_Driver/Src/stm32f1xx_hal.o
 .debug_macro   0x0000100d       0x51 HAL_Driver/Src/stm32f1xx_hal.o
 .debug_macro   0x0000105e       0xef HAL_Driver/Src/stm32f1xx_hal.o
 .debug_macro   0x0000114d       0x6a HAL_Driver/Src/stm32f1xx_hal.o
 .debug_macro   0x000011b7      0x1df HAL_Driver/Src/stm32f1xx_hal.o
 .debug_macro   0x00001396       0x34 HAL_Driver/Src/stm32f1xx_hal.o
 .debug_macro   0x000013ca       0x34 HAL_Driver/Src/stm32f1xx_hal.o
 .debug_macro   0x000013fe      0xb8e HAL_Driver/Src/stm32f1xx_hal.o
 .debug_macro   0x00001f8c     0xe90a HAL_Driver/Src/stm32f1xx_hal.o
 .debug_macro   0x00010896       0x43 HAL_Driver/Src/stm32f1xx_hal.o
 .debug_macro   0x000108d9       0x58 HAL_Driver/Src/stm32f1xx_hal.o
 .debug_macro   0x00010931       0x35 HAL_Driver/Src/stm32f1xx_hal.o
 .debug_macro   0x00010966       0x9c HAL_Driver/Src/stm32f1xx_hal.o
 .debug_macro   0x00010a02       0x16 HAL_Driver/Src/stm32f1xx_hal.o
 .debug_macro   0x00010a18       0x97 HAL_Driver/Src/stm32f1xx_hal.o
 .debug_macro   0x00010aaf      0x330 HAL_Driver/Src/stm32f1xx_hal.o
 .debug_macro   0x00010ddf       0xfd HAL_Driver/Src/stm32f1xx_hal.o
 .debug_macro   0x00010edc       0x10 HAL_Driver/Src/stm32f1xx_hal.o
 .debug_macro   0x00010eec       0x58 HAL_Driver/Src/stm32f1xx_hal.o
 .debug_macro   0x00010f44       0x1f HAL_Driver/Src/stm32f1xx_hal.o
 .debug_macro   0x00010f63       0x43 HAL_Driver/Src/stm32f1xx_hal.o
 .debug_macro   0x00010fa6       0x20 HAL_Driver/Src/stm32f1xx_hal.o
 .debug_macro   0x00010fc6      0x187 HAL_Driver/Src/stm32f1xx_hal.o
 .debug_macro   0x0001114d       0x10 HAL_Driver/Src/stm32f1xx_hal.o
 .debug_macro   0x0001115d       0x1c HAL_Driver/Src/stm32f1xx_hal.o
 .debug_macro   0x00011179       0x52 HAL_Driver/Src/stm32f1xx_hal.o
 .debug_macro   0x000111cb       0x40 HAL_Driver/Src/stm32f1xx_hal.o
 .debug_macro   0x0001120b       0x10 HAL_Driver/Src/stm32f1xx_hal.o
 .debug_macro   0x0001121b       0x40 HAL_Driver/Src/stm32f1xx_hal.o
 .debug_macro   0x0001125b       0xd7 HAL_Driver/Src/stm32f1xx_hal.o
 .debug_macro   0x00011332       0x16 HAL_Driver/Src/stm32f1xx_hal.o
 .debug_macro   0x00011348      0x18b HAL_Driver/Src/stm32f1xx_hal.o
 .debug_macro   0x000114d3       0x57 HAL_Driver/Src/stm32f1xx_hal.o
 .debug_macro   0x0001152a      0x5c2 HAL_Driver/Src/stm32f1xx_hal.o
 .debug_macro   0x00011aec      0x28b HAL_Driver/Src/stm32f1xx_hal.o
 .debug_macro   0x00011d77      0x1cb HAL_Driver/Src/stm32f1xx_hal.o
 .debug_macro   0x00011f42      0x11e HAL_Driver/Src/stm32f1xx_hal.o
 .debug_macro   0x00012060      0x197 HAL_Driver/Src/stm32f1xx_hal.o
 .debug_macro   0x000121f7       0x27 HAL_Driver/Src/stm32f1xx_hal.o
 .debug_macro   0x0001221e      0x1bc HAL_Driver/Src/stm32f1xx_hal.o
 .debug_macro   0x000123da       0x34 HAL_Driver/Src/stm32f1xx_hal.o
 .debug_macro   0x0001240e       0x3c HAL_Driver/Src/stm32f1xx_hal.o
 .debug_macro   0x0001244a      0x3a6 HAL_Driver/Src/stm32f1xx_hal.o
 .debug_macro   0x000127f0       0x10 HAL_Driver/Src/stm32f1xx_hal.o
 .debug_macro   0x00012800       0x74 HAL_Driver/Src/stm32f1xx_hal.o
 .debug_macro   0x00012874       0x57 HAL_Driver/Src/stm32f1xx_hal.o
 .debug_macro   0x000128cb      0x46a HAL_Driver/Src/stm32f1xx_hal.o
 .debug_macro   0x00012d35      0x1b5 HAL_Driver/Src/stm32f1xx_hal.o
 .debug_macro   0x00012eea       0x22 HAL_Driver/Src/stm32f1xx_hal.o
 .debug_macro   0x00012f0c       0x8c HAL_Driver/Src/stm32f1xx_hal.o
 .debug_macro   0x00012f98      0x242 HAL_Driver/Src/stm32f1xx_hal.o
 .debug_macro   0x000131da      0x248 HAL_Driver/Src/stm32f1xx_hal.o
 .debug_macro   0x00013422       0x79 HAL_Driver/Src/stm32f1xx_hal.o
 .debug_macro   0x0001349b      0x143 HAL_Driver/Src/stm32f1xx_hal.o
 .debug_macro   0x000135de      0x1ef HAL_Driver/Src/stm32f1xx_hal.o
 .debug_macro   0x000137cd       0xf2 HAL_Driver/Src/stm32f1xx_hal.o
 .debug_macro   0x000138bf      0x1f4 HAL_Driver/Src/stm32f1xx_hal.o
 .debug_macro   0x00013ab3      0x84c HAL_Driver/Src/stm32f1xx_hal.o
 .debug_macro   0x000142ff       0x1f HAL_Driver/Src/stm32f1xx_hal.o
 .debug_macro   0x0001431e      0x26b HAL_Driver/Src/stm32f1xx_hal.o
 .debug_macro   0x00014589      0x217 HAL_Driver/Src/stm32f1xx_hal.o
 .debug_macro   0x000147a0      0x1a7 HAL_Driver/Src/stm32f1xx_hal.o
 .debug_macro   0x00014947      0x2cd HAL_Driver/Src/stm32f1xx_hal.o
 .debug_macro   0x00014c14       0x89 HAL_Driver/Src/stm32f1xx_hal.o
 .debug_macro   0x00014c9d       0x50 HAL_Driver/Src/stm32f1xx_hal.o
 .debug_macro   0x00014ced      0x26c HAL_Driver/Src/stm32f1xx_hal.o
 .debug_macro   0x00014f59       0x7c HAL_Driver/Src/stm32f1xx_hal.o
 .debug_macro   0x00014fd5      0x421 HAL_Driver/Src/stm32f1xx_hal_adc.o
 .debug_macro   0x000153f6      0x416 HAL_Driver/Src/stm32f1xx_hal_adc_ex.o
 .debug_macro   0x0001580c      0x404 HAL_Driver/Src/stm32f1xx_hal_cortex.o
 .debug_macro   0x00015c10      0x404 HAL_Driver/Src/stm32f1xx_hal_dma.o
 .debug_macro   0x00016014      0x474 HAL_Driver/Src/stm32f1xx_hal_gpio.o
 .debug_macro   0x00016488      0x404 HAL_Driver/Src/stm32f1xx_hal_msp_template.o
 .debug_macro   0x0001688c      0x416 HAL_Driver/Src/stm32f1xx_hal_rcc.o
 .debug_macro   0x00016ca2      0x404 HAL_Driver/Src/stm32f1xx_hal_rcc_ex.o
 .debug_macro   0x000170a6      0x40c HAL_Driver/Src/stm32f1xx_hal_spi.o
 .debug_macro   0x000174b2      0x404 HAL_Driver/Src/stm32f1xx_hal_spi_ex.o
 .debug_macro   0x000178b6      0x405 HAL_Driver/Src/stm32f1xx_hal_tim.o
 .debug_macro   0x00017cbb      0x404 HAL_Driver/Src/stm32f1xx_hal_tim_ex.o
 .debug_macro   0x000180bf      0x405 HAL_Driver/Src/stm32f1xx_hal_uart.o
 .debug_macro   0x000184c4      0x417 src/adc.o
 .debug_macro   0x000188db      0x198 src/adc.o
 .debug_macro   0x00018a73      0x436 src/dma.o
 .debug_macro   0x00018ea9       0x1c src/dma.o
 .debug_macro   0x00018ec5      0x417 src/init.o
 .debug_macro   0x000192dc      0x420 src/logger.o
 .debug_macro   0x000196fc      0x46d src/main.o
 .debug_macro   0x00019b69       0x7c src/main.o
 .debug_macro   0x00019be5      0x43d src/spi.o
 .debug_macro   0x0001a022      0x40e src/stm32f1xx_it.o
 .debug_macro   0x0001a430      0x40a src/system_stm32f1xx.o
 .debug_macro   0x0001a83a      0x417 src/tim.o
 .debug_macro   0x0001ac51      0x426 src/uart.o
 .debug_macro   0x0001b077       0x16 src/uart.o

.debug_line     0x00000000    0x11f1b
 .debug_line    0x00000000      0xa81 HAL_Driver/Src/stm32f1xx_hal.o
 .debug_line    0x00000a81      0xe31 HAL_Driver/Src/stm32f1xx_hal_adc.o
 .debug_line    0x000018b2      0xc79 HAL_Driver/Src/stm32f1xx_hal_adc_ex.o
 .debug_line    0x0000252b      0xbaf HAL_Driver/Src/stm32f1xx_hal_cortex.o
 .debug_line    0x000030da      0xd46 HAL_Driver/Src/stm32f1xx_hal_dma.o
 .debug_line    0x00003e20      0xaf8 HAL_Driver/Src/stm32f1xx_hal_gpio.o
 .debug_line    0x00004918      0x952 HAL_Driver/Src/stm32f1xx_hal_msp_template.o
 .debug_line    0x0000526a      0xb82 HAL_Driver/Src/stm32f1xx_hal_rcc.o
 .debug_line    0x00005dec      0x9c0 HAL_Driver/Src/stm32f1xx_hal_rcc_ex.o
 .debug_line    0x000067ac     0x1354 HAL_Driver/Src/stm32f1xx_hal_spi.o
 .debug_line    0x00007b00      0x940 HAL_Driver/Src/stm32f1xx_hal_spi_ex.o
 .debug_line    0x00008440     0x188a HAL_Driver/Src/stm32f1xx_hal_tim.o
 .debug_line    0x00009cca      0xe7b HAL_Driver/Src/stm32f1xx_hal_tim_ex.o
 .debug_line    0x0000ab45     0x11d1 HAL_Driver/Src/stm32f1xx_hal_uart.o
 .debug_line    0x0000bd16      0x9a0 src/adc.o
 .debug_line    0x0000c6b6      0xa17 src/dma.o
 .debug_line    0x0000d0cd      0x9aa src/init.o
 .debug_line    0x0000da77      0x9b5 src/logger.o
 .debug_line    0x0000e42c      0x9de src/main.o
 .debug_line    0x0000ee0a      0xa86 src/spi.o
 .debug_line    0x0000f890       0x79 src/startup_stm32f103xb.o
 .debug_line    0x0000f909      0x93d src/stm32f1xx_it.o
 .debug_line    0x00010246      0x948 src/system_stm32f1xx.o
 .debug_line    0x00010b8e      0x987 src/tim.o
 .debug_line    0x00011515      0xa06 src/uart.o

.debug_str      0x00000000    0x852c3
 .debug_str     0x00000000    0x80a4b HAL_Driver/Src/stm32f1xx_hal.o
                              0x80de6 (size before relaxing)
 .debug_str     0x00080a4b      0x607 HAL_Driver/Src/stm32f1xx_hal_adc.o
                              0x80e1f (size before relaxing)
 .debug_str     0x00081052      0x2e9 HAL_Driver/Src/stm32f1xx_hal_adc_ex.o
                              0x80dd4 (size before relaxing)
 .debug_str     0x0008133b      0x314 HAL_Driver/Src/stm32f1xx_hal_cortex.o
                              0x80e36 (size before relaxing)
 .debug_str     0x0008164f      0x22d HAL_Driver/Src/stm32f1xx_hal_dma.o
                              0x80b8e (size before relaxing)
 .debug_str     0x0008187c      0x399 HAL_Driver/Src/stm32f1xx_hal_gpio.o
                              0x80b7d (size before relaxing)
 .debug_str     0x00081c15       0x51 HAL_Driver/Src/stm32f1xx_hal_msp_template.o
                              0x80799 (size before relaxing)
 .debug_str     0x00081c66      0x356 HAL_Driver/Src/stm32f1xx_hal_rcc.o
                              0x80bab (size before relaxing)
 .debug_str     0x00081fbc      0x119 HAL_Driver/Src/stm32f1xx_hal_rcc_ex.o
                              0x8093d (size before relaxing)
 .debug_str     0x000820d5      0x723 HAL_Driver/Src/stm32f1xx_hal_spi.o
                              0x810c3 (size before relaxing)
 .debug_str     0x000827f8       0x42 HAL_Driver/Src/stm32f1xx_hal_spi_ex.o
                              0x80b7b (size before relaxing)
 .debug_str     0x0008283a      0xebd HAL_Driver/Src/stm32f1xx_hal_tim.o
                              0x8187d (size before relaxing)
 .debug_str     0x000836f7      0x515 HAL_Driver/Src/stm32f1xx_hal_tim_ex.o
                              0x8111a (size before relaxing)
 .debug_str     0x00083c0c      0x663 HAL_Driver/Src/stm32f1xx_hal_uart.o
                              0x81085 (size before relaxing)
 .debug_str     0x0008426f      0xb1c src/adc.o
                              0x81605 (size before relaxing)
 .debug_str     0x00084d8b      0x112 src/dma.o
                              0x81aed (size before relaxing)
 .debug_str     0x00084e9d       0x51 src/init.o
                              0x8136e (size before relaxing)
 .debug_str     0x00084eee       0x50 src/logger.o
                              0x816b7 (size before relaxing)
 .debug_str     0x00084f3e      0x169 src/main.o
                              0x81a95 (size before relaxing)
 .debug_str     0x000850a7      0x113 src/spi.o
                              0x81a59 (size before relaxing)
 .debug_str     0x000851ba       0x38 src/stm32f1xx_it.o
                              0x80766 (size before relaxing)
 .debug_str     0x000851f2       0x61 src/system_stm32f1xx.o
                              0x80832 (size before relaxing)
 .debug_str     0x00085253       0x18 src/tim.o
                              0x81672 (size before relaxing)
 .debug_str     0x0008526b       0x58 src/uart.o
                              0x819ec (size before relaxing)

.comment        0x00000000       0x7f
 .comment       0x00000000       0x7f HAL_Driver/Src/stm32f1xx_hal.o
                                 0x80 (size before relaxing)
 .comment       0x0000007f       0x80 HAL_Driver/Src/stm32f1xx_hal_adc.o
 .comment       0x0000007f       0x80 HAL_Driver/Src/stm32f1xx_hal_adc_ex.o
 .comment       0x0000007f       0x80 HAL_Driver/Src/stm32f1xx_hal_cortex.o
 .comment       0x0000007f       0x80 HAL_Driver/Src/stm32f1xx_hal_dma.o
 .comment       0x0000007f       0x80 HAL_Driver/Src/stm32f1xx_hal_gpio.o
 .comment       0x0000007f       0x80 HAL_Driver/Src/stm32f1xx_hal_msp_template.o
 .comment       0x0000007f       0x80 HAL_Driver/Src/stm32f1xx_hal_rcc.o
 .comment       0x0000007f       0x80 HAL_Driver/Src/stm32f1xx_hal_rcc_ex.o
 .comment       0x0000007f       0x80 HAL_Driver/Src/stm32f1xx_hal_spi.o
 .comment       0x0000007f       0x80 HAL_Driver/Src/stm32f1xx_hal_spi_ex.o
 .comment       0x0000007f       0x80 HAL_Driver/Src/stm32f1xx_hal_tim.o
 .comment       0x0000007f       0x80 HAL_Driver/Src/stm32f1xx_hal_tim_ex.o
 .comment       0x0000007f       0x80 HAL_Driver/Src/stm32f1xx_hal_uart.o
 .comment       0x0000007f       0x80 src/adc.o
 .comment       0x0000007f       0x80 src/dma.o
 .comment       0x0000007f       0x80 src/init.o
 .comment       0x0000007f       0x80 src/logger.o
 .comment       0x0000007f       0x80 src/main.o
 .comment       0x0000007f       0x80 src/spi.o
 .comment       0x0000007f       0x80 src/stm32f1xx_it.o
 .comment       0x0000007f       0x80 src/system_stm32f1xx.o
 .comment       0x0000007f       0x80 src/tim.o
 .comment       0x0000007f       0x80 src/uart.o

.debug_frame    0x00000000     0x404c
 .debug_frame   0x00000000      0x298 HAL_Driver/Src/stm32f1xx_hal.o
 .debug_frame   0x00000298      0x410 HAL_Driver/Src/stm32f1xx_hal_adc.o
 .debug_frame   0x000006a8      0x208 HAL_Driver/Src/stm32f1xx_hal_adc_ex.o
 .debug_frame   0x000008b0      0x428 HAL_Driver/Src/stm32f1xx_hal_cortex.o
 .debug_frame   0x00000cd8      0x208 HAL_Driver/Src/stm32f1xx_hal_dma.o
 .debug_frame   0x00000ee0      0x14c HAL_Driver/Src/stm32f1xx_hal_gpio.o
 .debug_frame   0x0000102c       0x90 HAL_Driver/Src/stm32f1xx_hal_msp_template.o
 .debug_frame   0x000010bc      0x218 HAL_Driver/Src/stm32f1xx_hal_rcc.o
 .debug_frame   0x000012d4       0x84 HAL_Driver/Src/stm32f1xx_hal_rcc_ex.o
 .debug_frame   0x00001358      0x8bc HAL_Driver/Src/stm32f1xx_hal_spi.o
 .debug_frame   0x00001c14       0x5c HAL_Driver/Src/stm32f1xx_hal_spi_ex.o
 .debug_frame   0x00001c70      0xfb4 HAL_Driver/Src/stm32f1xx_hal_tim.o
 .debug_frame   0x00002c24      0x54c HAL_Driver/Src/stm32f1xx_hal_tim_ex.o
 .debug_frame   0x00003170      0x83c HAL_Driver/Src/stm32f1xx_hal_uart.o
 .debug_frame   0x000039ac       0x60 src/adc.o
 .debug_frame   0x00003a0c       0xa0 src/dma.o
 .debug_frame   0x00003aac       0x50 src/init.o
 .debug_frame   0x00003afc       0x60 src/logger.o
 .debug_frame   0x00003b5c       0x2c src/main.o
 .debug_frame   0x00003b88      0x158 src/spi.o
 .debug_frame   0x00003ce0       0x2c src/stm32f1xx_it.o
 .debug_frame   0x00003d0c       0x58 src/system_stm32f1xx.o
 .debug_frame   0x00003d64       0x34 src/tim.o
 .debug_frame   0x00003d98       0xc0 src/uart.o
 .debug_frame   0x00003e58       0x2c c:/ac6/systemworkbench/plugins/fr.ac6.mcu.externaltools.arm-none.win32_1.15.0.201708311556/tools/compiler/bin/../lib/gcc/arm-none-eabi/6.3.1/../../../../arm-none-eabi/lib/thumb/v7-m\libc.a(lib_a-init.o)
 .debug_frame   0x00003e84       0x34 c:/ac6/systemworkbench/plugins/fr.ac6.mcu.externaltools.arm-none.win32_1.15.0.201708311556/tools/compiler/bin/../lib/gcc/arm-none-eabi/6.3.1/../../../../arm-none-eabi/lib/thumb/v7-m\libc.a(lib_a-memset.o)
 .debug_frame   0x00003eb8       0x5c c:/ac6/systemworkbench/plugins/fr.ac6.mcu.externaltools.arm-none.win32_1.15.0.201708311556/tools/compiler/bin/../lib/gcc/arm-none-eabi/6.3.1/../../../../arm-none-eabi/lib/thumb/v7-m\libc.a(lib_a-__call_atexit.o)
 .debug_frame   0x00003f14       0x20 c:/ac6/systemworkbench/plugins/fr.ac6.mcu.externaltools.arm-none.win32_1.15.0.201708311556/tools/compiler/bin/../lib/gcc/arm-none-eabi/6.3.1/../../../../arm-none-eabi/lib/thumb/v7-m\libc.a(lib_a-atexit.o)
 .debug_frame   0x00003f34       0x34 c:/ac6/systemworkbench/plugins/fr.ac6.mcu.externaltools.arm-none.win32_1.15.0.201708311556/tools/compiler/bin/../lib/gcc/arm-none-eabi/6.3.1/../../../../arm-none-eabi/lib/thumb/v7-m\libc.a(lib_a-fini.o)
 .debug_frame   0x00003f68       0xb0 c:/ac6/systemworkbench/plugins/fr.ac6.mcu.externaltools.arm-none.win32_1.15.0.201708311556/tools/compiler/bin/../lib/gcc/arm-none-eabi/6.3.1/../../../../arm-none-eabi/lib/thumb/v7-m\libc.a(lib_a-lock.o)
 .debug_frame   0x00004018       0x34 c:/ac6/systemworkbench/plugins/fr.ac6.mcu.externaltools.arm-none.win32_1.15.0.201708311556/tools/compiler/bin/../lib/gcc/arm-none-eabi/6.3.1/../../../../arm-none-eabi/lib/thumb/v7-m\libc.a(lib_a-__atexit.o)
